// Jest Snapshot v1, https://goo.gl/fbAQLP

exports[`Step 1 Should match the snapshot 1`] = `
<DocumentFragment>
  <div
    class="sc-dkrFOg jwbFnv"
  >
    <h1
      class="sc-bcXHqe iokXfP"
    >
      Step 1
    </h1>
    <div>
      <label
        for="meal"
      >
        Select a meal
      </label>
      <select
        id="meal"
        required=""
      >
        <option
          disabled=""
          selected=""
          value=""
        >
          ----
        </option>
        <option
          value="breakfast"
        >
          breakfast
        </option>
        <option
          value="lunch"
        >
          lunch
        </option>
        <option
          value="dinner"
        >
          dinner
        </option>
      </select>
    </div>
    <div>
      <label
        for="guest"
      >
        Number of guest
      </label>
      <input
        id="guest"
        max="10"
        min="1"
        required=""
        type="number"
        value="1"
      />
    </div>
    <button
      class="sc-gswNZR sc-hLBbgP bzVgbG bHsA-dW"
    >
      Next
    </button>
  </div>
</DocumentFragment>
`;
